// Jest Snapshot v1, https://goo.gl/fbAQLP

exports[`Calculator calculator is rendering 1`] = `
"[36m<div>[39m
  [36m<div[39m
    [33mclass[39m=[32m\\"calculator\\"[39m
  [36m>[39m
    [36m<div[39m
      [33mclass[39m=[32m\\"display\\"[39m
    [36m>[39m
      [0m0[0m
    [36m</div>[39m
    [36m<div[39m
      [33mclass[39m=[32m\\"buttons\\"[39m
    [36m>[39m
      [36m<div[39m
        [33mclass[39m=[32m\\"row\\"[39m
      [36m>[39m
        [36m<button[39m
          [33mclass[39m=[32m\\"button AC\\"[39m
          [33mtype[39m=[32m\\"button\\"[39m
        [36m>[39m
          [0mAC[0m
        [36m</button>[39m
        [36m<button[39m
          [33mclass[39m=[32m\\"button\\"[39m
          [33mtype[39m=[32m\\"button\\"[39m
        [36m>[39m
          [0m+/-[0m
        [36m</button>[39m
        [36m<button[39m
          [33mclass[39m=[32m\\"button\\"[39m
          [33mtype[39m=[32m\\"button\\"[39m
        [36m>[39m
          [0m%[0m
        [36m</button>[39m
        [36m<button[39m
          [33mclass[39m=[32m\\"button-operator\\"[39m
          [33mtype[39m=[32m\\"button\\"[39m
        [36m>[39m
          [0m√∑[0m
        [36m</button>[39m
      [36m</div>[39m
      [36m<div[39m
        [33mclass[39m=[32m\\"row\\"[39m
      [36m>[39m
        [36m<button[39m
          [33mclass[39m=[32m\\"button\\"[39m
          [33mtype[39m=[32m\\"button\\"[39m
        [36m>[39m
          [0m7[0m
        [36m</button>[39m
        [36m<button[39m
          [33mclass[39m=[32m\\"button\\"[39m
          [33mtype[39m=[32m\\"button\\"[39m
        [36m>[39m
          [0m8[0m
        [36m</button>[39m
        [36m<button[39m
          [33mclass[39m=[32m\\"button\\"[39m
          [33mtype[39m=[32m\\"button\\"[39m
        [36m>[39m
          [0m9[0m
        [36m</button>[39m
        [36m<button[39m
          [33mclass[39m=[32m\\"button-operator\\"[39m
          [33mtype[39m=[32m\\"button\\"[39m
        [36m>[39m
          [0m√ó[0m
        [36m</button>[39m
      [36m</div>[39m
      [36m<div[39m
        [33mclass[39m=[32m\\"row\\"[39m
      [36m>[39m
        [36m<button[39m
          [33mclass[39m=[32m\\"button\\"[39m
          [33mtype[39m=[32m\\"button\\"[39m
        [36m>[39m
          [0m4[0m
        [36m</button>[39m
        [36m<button[39m
          [33mclass[39m=[32m\\"button\\"[39m
          [33mtype[39m=[32m\\"button\\"[39m
        [36m>[39m
          [0m5[0m
        [36m</button>[39m
        [36m<button[39m
          [33mclass[39m=[32m\\"button\\"[39m
          [33mtype[39m=[32m\\"button\\"[39m
        [36m>[39m
          [0m6[0m
        [36m</button>[39m
        [36m<button[39m
          [33mclass[39m=[32m\\"button-operator\\"[39m
          [33mtype[39m=[32m\\"button\\"[39m
        [36m>[39m
          [0m-[0m
        [36m</button>[39m
      [36m</div>[39m
      [36m<div[39m
        [33mclass[39m=[32m\\"row\\"[39m
      [36m>[39m
        [36m<button[39m
          [33mclass[39m=[32m\\"button\\"[39m
          [33mtype[39m=[32m\\"button\\"[39m
        [36m>[39m
          [0m1[0m
        [36m</button>[39m
        [36m<button[39m
          [33mclass[39m=[32m\\"button\\"[39m
          [33mtype[39m=[32m\\"button\\"[39m
        [36m>[39m
          [0m2[0m
        [36m</button>[39m
        [36m<button[39m
          [33mclass[39m=[32m\\"button\\"[39m
          [33mtype[39m=[32m\\"button\\"[39m
        [36m>[39m
          [0m3[0m
        [36m</button>[39m
        [36m<button[39m
          [33mclass[39m=[32m\\"button-operator\\"[39m
          [33mtype[39m=[32m\\"button\\"[39m
        [36m>[39m
          [0m+[0m
        [36m</button>[39m
      [36m</div>[39m
      [36m<div[39m
        [33mclass[39m=[32m\\"row\\"[39m
      [36m>[39m
        [36m<button[39m
          [33mclass[39m=[32m\\"zero\\"[39m
          [33mtype[39m=[32m\\"button\\"[39m
        [36m>[39m
          [0m0[0m
        [36m</button>[39m
        [36m<button[39m
          [33mclass[39m=[32m\\"button\\"[39m
          [33mtype[39m=[32m\\"button\\"[39m
        [36m>[39m
          [0m.[0m
        [36m</button>[39m
        [36m<button[39m
          [33mclass[39m=[32m\\"button-operator\\"[39m
          [33mtype[39m=[32m\\"button\\"[39m
        [36m>[39m
          [0m=[0m
        [36m</button>[39m
      [36m</div>[39m
    [36m</div>[39m
  [36m</div>[39m
[36m</div>[39m"
`;
